<outline text="Names">
    <outline text="Will"></outline>
    <outline text="Bob"></outline>
    <outline text="Jack"></outline>
</outline>