<outline text="Hello world" type="hello" isCommented="true" created="01 Jan 70 00:00 UTC" category="world"></outline>