
[TestMarshal - 1]
    <outline text="Hello">
        <outline text="World"></outline>
    </outline>
---
